// Jest Snapshot v1, https://goo.gl/fbAQLP

exports[`Test in <Giftitem/> debe hacer match con el snapshot 1`] = `
<div>
  <div
    class="sc-gjcoXW gVMyRK"
  >
    <img
      alt="Un titulo"
      src="https://localhost/cualquier/cosa.jpg"
    />
    <p>
      Un titulo
    </p>
  </div>
</div>
`;
